Enter an integer to compute its factorial:
The result is: 6
